// Jest Snapshot v1, https://goo.gl/fbAQLP

exports[`<PostCard/> should match snapshot 1`] = `
<div
  class="post"
>
  <img
    alt="Titulo"
    src="img/img.png"
  />
  <div
    class="post-content"
  >
    <h2>
      Titulo
       
      1
    </h2>
    <p>
      Body
    </p>
  </div>
</div>
`;
